<?xml version="1.0" encoding="utf-8"?>
<aj-snapshot>
<alsa>
  <client name="System">
    <port id="0" />
    <port id="1" />
  </client>
  <client name="Midi Through">
    <port id="0" />
  </client>
  <client name="Scarlett 18i20 USB">
    <port id="0" />
  </client>
  <client name="MIDI Mix">
    <port id="0">
      <connection client="SuperCollider" port="0" />
    </port>
  </client>
  <client name="Client-128" />
  <client name="SuperCollider">
    <port id="1" />
    <port id="2" />
    <port id="3" />
  </client>
</alsa>
</aj-snapshot>
